<html>
<body>
<pre>
<h1>µVision Build Log</h1>
<h2>Tool Versions:</h2>
IDE-Version: ¦ÌVision V5.14.0.0
Copyright (C) 2015 ARM Ltd and ARM Germany GmbH. All rights reserved.
License Information: 123 1231, 123, LIC=9WSKC-7Z5VH-WFQI7-EPXV5-WCZLU-BPJ41
 
Tool Versions:
Toolchain:       MDK-ARM Standard  Version: 5.14.0.0
Toolchain Path:  H:\Keli5\KEIL5MDK\ARM\ARMCC\Bin
C Compiler:      Armcc.exe V5.05 update 1 (build 106)
Assembler:       Armasm.exe V5.05 update 1 (build 106)
Linker/Locator:  ArmLink.exe V5.05 update 1 (build 106)
Library Manager: ArmAr.exe V5.05 update 1 (build 106)
Hex Converter:   FromElf.exe V5.05 update 1 (build 106)
CPU DLL:         SARMCM3.DLL V5.14.0.0
Dialog DLL:      DCM.DLL V1.13.1.0
Target DLL:      CMSIS_AGDI.dll V1.21.0.0
Dialog DLL:      TCM.DLL V1.14.4.0
 
<h2>Project:</h2>
H:\Keli5\STM32\STM32F103C8T6\max30102_I2C_Test\MDK-ARM\max30102_I2C_Test.uvprojx
Project File Date:  07/25/2024

<h2>Output:</h2>
Rebuild target 'max30102_I2C_Test'
compiling main.c...
../Core/Inc/Max30102.h(41): warning:  #1-D: last line of file ends without a newline
  #endif
../Core/Src/main.c(75): warning:  #177-D: variable "ADC1_number" was declared but never referenced
        uint16_t ADC1_number=0;
../Core/Src/main.c(76): warning:  #177-D: variable "ADC2_number" was declared but never referenced
        double ADC2_number=0;
../Core/Src/main.c(77): warning:  #177-D: variable "i" was declared but never referenced
        int i=0;
../Core/Src/main.c(78): warning:  #177-D: variable "devAddress" was declared but never referenced
        uint16_t devAddress = DEVICE_ADDRESS << 1;
../Core/Src/main.c(80): warning:  #177-D: variable "regAddr" was declared but never referenced
    uint8_t regAddr = 0x00; // 
../Core/Src/main.c(81): warning:  #177-D: variable "dataBuffer" was declared but never referenced
    uint8_t dataBuffer[6]; 
../Core/Src/main.c: 7 warnings, 0 errors
compiling gpio.c...
compiling adc.c...
compiling i2c.c...
compiling usart.c...
compiling stm32f1xx_it.c...
compiling stm32f1xx_hal_msp.c...
assembling startup_stm32f103xb.s...
compiling stm32f1xx_hal_gpio_ex.c...
compiling stm32f1xx_hal_adc.c...
compiling stm32f1xx_hal_adc_ex.c...
compiling stm32f1xx_hal.c...
compiling stm32f1xx_hal_rcc.c...
compiling stm32f1xx_hal_rcc_ex.c...
compiling stm32f1xx_hal_gpio.c...
compiling stm32f1xx_hal_dma.c...
compiling stm32f1xx_hal_cortex.c...
compiling stm32f1xx_hal_pwr.c...
compiling stm32f1xx_hal_flash.c...
compiling stm32f1xx_hal_flash_ex.c...
compiling stm32f1xx_hal_exti.c...
compiling stm32f1xx_hal_i2c.c...
compiling stm32f1xx_hal_tim.c...
compiling stm32f1xx_hal_tim_ex.c...
compiling stm32f1xx_hal_uart.c...
compiling system_stm32f1xx.c...
compiling OLED.c...
compiling algorithm.c...
compiling Max30102.c...
../Core/Inc/Max30102.h(41): warning:  #1-D: last line of file ends without a newline
  #endif
..\Core\Src\Max30102.c(179): warning:  #1-D: last line of file ends without a newline
  }
..\Core\Src\Max30102.c: 2 warnings, 0 errors
linking...
Program Size: Code=14686 RO-data=2094 RW-data=76 ZI-data=11300  
FromELF: creating hex file...
"max30102_I2C_Test\max30102_I2C_Test.axf" - 0 Error(s), 9 Warning(s).

<h2>Software Packages used:</h2>

Package Vendor: ARM
                http://www.keil.com/pack/ARM.CMSIS.4.2.0.pack
                ARM::CMSIS:CORE:3.40.0
                CMSIS (Cortex Microcontroller Software Interface Standard)
   * Component: CORE Version: 3.40.0

<h2>Collection of Component include folders:</h2>
  H:\Keli5\STM32\STM32F103C8T6\max30102_I2C_Test\MDK-ARM\RTE
  H:\Keli5\KEIL5MDK\ARM\PACK\ARM\CMSIS\4.2.0\CMSIS\Include
  H:\Keli5\KEIL5MDK\ARM\PACK\Keil\STM32F1xx_DFP\2.2.0

<h2>Collection of Component Files used:</h2>

   * Component: ARM::CMSIS:CORE:3.40.0
      Source file:   CMSIS\UserCodeTemplates\ARM\ITM_Retarget.c
</pre>
</body>
</html>
